// Vitest Snapshot v1, https://vitest.dev/guide/snapshot.html

exports[`SearchBox > renders correctly 1`] = `
<div>
  <div
    class="w-full flex gap-6 items-start justify-center md:mt-3 pr-6"
  >
    <div
      class="w-9 h-9 mt-2"
    >
      <svg
        class="w-full h-full"
        fill="currentColor"
        height="1em"
        stroke="currentColor"
        stroke-width="0"
        viewBox="0 0 512 512"
        width="1em"
        xmlns="http://www.w3.org/2000/svg"
      >
        <path
          d="M456.69 421.39 362.6 327.3a173.81 173.81 0 0 0 34.84-104.58C397.44 126.38 319.06 48 222.72 48S48 126.38 48 222.72s78.38 174.72 174.72 174.72A173.81 173.81 0 0 0 327.3 362.6l94.09 94.09a25 25 0 0 0 35.3-35.3zM97.92 222.72a124.8 124.8 0 1 1 124.8 124.8 124.95 124.95 0 0 1-124.8-124.8z"
        />
      </svg>
    </div>
    <input
      class="w-full bg-transparent py-3 text-xl outline-none focus:border-b-2 caret-orange truncate text-ellipsis"
      placeholder="Search for movies and TV series..."
      required=""
      type="text"
    />
  </div>
</div>
`;
