// Vitest Snapshot v1, https://vitest.dev/guide/snapshot.html

exports[`Login Page > renders Login Page should match the screenshot 1`] = `
{
  "asFragment": [Function],
  "baseElement": <body>
    <div>
      <div
        class="w-screen h-screen px-6 md:px-0 flex justify-center items-center"
      >
        <div
          class="bg-secondary-dark w-[500px] p-10 flex flex-col justify-center gap-6 rounded-xl"
        >
          <h1
            class="antialiased text-3xl font-outfitLight -mt-1"
          >
            Login
          </h1>
          <p
            class="antialiased text-base"
          >
            Please click the login button,
            <br />
            To create a new session for you.
          </p>
          <button
            class="bg-orange hover:bg-white px-2 hover:text-black rounded-md text-base w-full py-4"
          >
            Login
          </button>
        </div>
      </div>
    </div>
  </body>,
  "container": <div>
    <div
      class="w-screen h-screen px-6 md:px-0 flex justify-center items-center"
    >
      <div
        class="bg-secondary-dark w-[500px] p-10 flex flex-col justify-center gap-6 rounded-xl"
      >
        <h1
          class="antialiased text-3xl font-outfitLight -mt-1"
        >
          Login
        </h1>
        <p
          class="antialiased text-base"
        >
          Please click the login button,
          <br />
          To create a new session for you.
        </p>
        <button
          class="bg-orange hover:bg-white px-2 hover:text-black rounded-md text-base w-full py-4"
        >
          Login
        </button>
      </div>
    </div>
  </div>,
  "debug": [Function],
  "findAllByAltText": [Function],
  "findAllByDisplayValue": [Function],
  "findAllByLabelText": [Function],
  "findAllByPlaceholderText": [Function],
  "findAllByRole": [Function],
  "findAllByTestId": [Function],
  "findAllByText": [Function],
  "findAllByTitle": [Function],
  "findByAltText": [Function],
  "findByDisplayValue": [Function],
  "findByLabelText": [Function],
  "findByPlaceholderText": [Function],
  "findByRole": [Function],
  "findByTestId": [Function],
  "findByText": [Function],
  "findByTitle": [Function],
  "getAllByAltText": [Function],
  "getAllByDisplayValue": [Function],
  "getAllByLabelText": [Function],
  "getAllByPlaceholderText": [Function],
  "getAllByRole": [Function],
  "getAllByTestId": [Function],
  "getAllByText": [Function],
  "getAllByTitle": [Function],
  "getByAltText": [Function],
  "getByDisplayValue": [Function],
  "getByLabelText": [Function],
  "getByPlaceholderText": [Function],
  "getByRole": [Function],
  "getByTestId": [Function],
  "getByText": [Function],
  "getByTitle": [Function],
  "queryAllByAltText": [Function],
  "queryAllByDisplayValue": [Function],
  "queryAllByLabelText": [Function],
  "queryAllByPlaceholderText": [Function],
  "queryAllByRole": [Function],
  "queryAllByTestId": [Function],
  "queryAllByText": [Function],
  "queryAllByTitle": [Function],
  "queryByAltText": [Function],
  "queryByDisplayValue": [Function],
  "queryByLabelText": [Function],
  "queryByPlaceholderText": [Function],
  "queryByRole": [Function],
  "queryByTestId": [Function],
  "queryByText": [Function],
  "queryByTitle": [Function],
  "rerender": [Function],
  "unmount": [Function],
}
`;
