// Vitest Snapshot v1, https://vitest.dev/guide/snapshot.html

exports[`NotFound Page > renders NotFound Page should match the screenshot 1`] = `
{
  "asFragment": [Function],
  "baseElement": <body>
    <div>
      <main
        class="w-full md:w-[calc(100%-8rem)] h-screen fixed md:right-0 px-5 md:px-0 flex justify-center items-center"
      >
        <div
          class="flex flex-col items-center justify-center"
        >
          <h1
            class="antialiased text-3xl font-outfitLight -mt-0 text-orange text-center leading-10"
          >
            404
            <br />
            Not Found
          </h1>
        </div>
      </main>
    </div>
  </body>,
  "container": <div>
    <main
      class="w-full md:w-[calc(100%-8rem)] h-screen fixed md:right-0 px-5 md:px-0 flex justify-center items-center"
    >
      <div
        class="flex flex-col items-center justify-center"
      >
        <h1
          class="antialiased text-3xl font-outfitLight -mt-0 text-orange text-center leading-10"
        >
          404
          <br />
          Not Found
        </h1>
      </div>
    </main>
  </div>,
  "debug": [Function],
  "findAllByAltText": [Function],
  "findAllByDisplayValue": [Function],
  "findAllByLabelText": [Function],
  "findAllByPlaceholderText": [Function],
  "findAllByRole": [Function],
  "findAllByTestId": [Function],
  "findAllByText": [Function],
  "findAllByTitle": [Function],
  "findByAltText": [Function],
  "findByDisplayValue": [Function],
  "findByLabelText": [Function],
  "findByPlaceholderText": [Function],
  "findByRole": [Function],
  "findByTestId": [Function],
  "findByText": [Function],
  "findByTitle": [Function],
  "getAllByAltText": [Function],
  "getAllByDisplayValue": [Function],
  "getAllByLabelText": [Function],
  "getAllByPlaceholderText": [Function],
  "getAllByRole": [Function],
  "getAllByTestId": [Function],
  "getAllByText": [Function],
  "getAllByTitle": [Function],
  "getByAltText": [Function],
  "getByDisplayValue": [Function],
  "getByLabelText": [Function],
  "getByPlaceholderText": [Function],
  "getByRole": [Function],
  "getByTestId": [Function],
  "getByText": [Function],
  "getByTitle": [Function],
  "queryAllByAltText": [Function],
  "queryAllByDisplayValue": [Function],
  "queryAllByLabelText": [Function],
  "queryAllByPlaceholderText": [Function],
  "queryAllByRole": [Function],
  "queryAllByTestId": [Function],
  "queryAllByText": [Function],
  "queryAllByTitle": [Function],
  "queryByAltText": [Function],
  "queryByDisplayValue": [Function],
  "queryByLabelText": [Function],
  "queryByPlaceholderText": [Function],
  "queryByRole": [Function],
  "queryByTestId": [Function],
  "queryByText": [Function],
  "queryByTitle": [Function],
  "rerender": [Function],
  "unmount": [Function],
}
`;
